CREATE EXTENSION gp_log_tools;
SHOW ycmdb.yc_allow_copy_from_logs;
 ycmdb.yc_allow_copy_from_logs 
-------------------------------
 on
(1 row)

SELECT count(*) != 0 as is_logs_selected FROM gp_master_logs;
 is_logs_selected 
------------------
 t
(1 row)

CREATE USER test_user1;
GRANT SELECT ON gp_master_logs TO PUBLIC;
SET SESSION AUTHORIZATION test_user1;
SELECT count(*) != 0 as is_logs_selected FROM gp_master_logs;
 is_logs_selected 
------------------
 t
(1 row)

\c -
DROP USER test_user1;
DROP EXTENSION gp_log_tools;
