-- Test UDS socket
+GP_IGNORE:-- start_ignore
+GP_IGNORE:CREATE EXTENSION IF NOT EXISTS gp_stats_collector;
+GP_IGNORE:-- end_ignore
\set UDS_PATH '/tmp/gpsc_test.sock'
-- Configure extension to send via UDS
SET gpsc.uds_path TO :'UDS_PATH';
SET gpsc.ignored_users_list TO '';
SET gpsc.enable TO TRUE;
SET gpsc.logging_mode TO 'UDS';
-- Start receiver
SELECT gpsc.__test_uds_start_server(:'UDS_PATH');
 __test_uds_start_server 
-------------------------
 
(1 row)

-- Send
SELECT 1;
 ?column? 
----------
        1
(1 row)

-- Receive
SELECT gpsc.__test_uds_receive() > 0 as received;
 received 
----------
 t
(1 row)

-- Stop receiver
SELECT gpsc.__test_uds_stop_server();
 __test_uds_stop_server 
------------------------
 
(1 row)

-- Cleanup
DROP EXTENSION gp_stats_collector;
RESET gpsc.uds_path;
RESET gpsc.ignored_users_list;
RESET gpsc.enable;
RESET gpsc.logging_mode;
